// Jest Snapshot v1, https://goo.gl/fbAQLP

exports[`should render expeseListItem correctly 1`] = `
<div>
  <Link
    to="/edit/1"
  >
    <h3>
       
      Gum
       
    </h3>
  </Link>
  <p>
    $1.95
    -
    Jan 01, 1970
  </p>
</div>
`;
